#-----------------------------------------------------------
# Vivado v2018.2 (64-bit)
# SW Build 2258646 on Thu Jun 14 20:03:12 MDT 2018
# IP Build 2256618 on Thu Jun 14 22:10:49 MDT 2018
# Start of session at: Tue May  7 19:18:52 2024
# Process ID: 11384
# Current directory: D:/Data second electric 2020-2021/second_electric sem_2/micro/MICRO_Final/Micro
# Command line: vivado.exe -gui_launcher_event rodinguilauncherevent15396 D:\Data second electric 2020-2021\second_electric sem_2\micro\MICRO_Final\Micro\Micro.xpr
# Log file: D:/Data second electric 2020-2021/second_electric sem_2/micro/MICRO_Final/Micro/vivado.log
# Journal file: D:/Data second electric 2020-2021/second_electric sem_2/micro/MICRO_Final/Micro\vivado.jou
#-----------------------------------------------------------
start_gui
open_project {D:/Data second electric 2020-2021/second_electric sem_2/micro/MICRO_Final/Micro/Micro.xpr}
update_compile_order -fileset sources_1
close [ open {D:/Data second electric 2020-2021/second_electric sem_2/micro/MICRO_Final/Micro/Micro.srcs/sources_1/new/AR_SP_Selection.v} w ]
add_files {{D:/Data second electric 2020-2021/second_electric sem_2/micro/MICRO_Final/Micro/Micro.srcs/sources_1/new/AR_SP_Selection.v}}
update_compile_order -fileset sources_1
set_property SOURCE_SET sources_1 [get_filesets sim_1]
close [ open {D:/Data second electric 2020-2021/second_electric sem_2/micro/MICRO_Final/Micro/Micro.srcs/sim_1/new/AR_SP_Selection_tb.v} w ]
add_files -fileset sim_1 {{D:/Data second electric 2020-2021/second_electric sem_2/micro/MICRO_Final/Micro/Micro.srcs/sim_1/new/AR_SP_Selection_tb.v}}
update_compile_order -fileset sim_1
# Disabling source management mode.  This is to allow the top design properties to be set without GUI intervention.
set_property source_mgmt_mode None [current_project]
set_property top SP_AR_TB [get_filesets sim_1]
set_property top_lib xil_defaultlib [get_filesets sim_1]
# Re-enabling previously disabled source management mode.
set_property source_mgmt_mode All [current_project]
update_compile_order -fileset sim_1
launch_simulation
source SP_AR_TB.tcl
# Disabling source management mode.  This is to allow the top design properties to be set without GUI intervention.
set_property source_mgmt_mode None [current_project]
set_property top Main_Design_tb [get_filesets sim_1]
set_property top_lib xil_defaultlib [get_filesets sim_1]
# Re-enabling previously disabled source management mode.
set_property source_mgmt_mode All [current_project]
update_compile_order -fileset sim_1
launch_simulation
update_compile_order -fileset sources_1
launch_simulation
launch_simulation
launch_simulation
close_sim
