#-----------------------------------------------------------
# Vivado v2018.2 (64-bit)
# SW Build 2258646 on Thu Jun 14 20:03:12 MDT 2018
# IP Build 2256618 on Thu Jun 14 22:10:49 MDT 2018
# Start of session at: Wed May  8 06:30:17 2024
# Process ID: 8580
# Current directory: D:/Data second electric 2020-2021/second_electric sem_2/micro/MICRO_Final/Micro
# Command line: vivado.exe -gui_launcher_event rodinguilauncherevent6916 D:\Data second electric 2020-2021\second_electric sem_2\micro\MICRO_Final\Micro\Micro.xpr
# Log file: D:/Data second electric 2020-2021/second_electric sem_2/micro/MICRO_Final/Micro/vivado.log
# Journal file: D:/Data second electric 2020-2021/second_electric sem_2/micro/MICRO_Final/Micro\vivado.jou
#-----------------------------------------------------------
start_gui
open_project {D:/Data second electric 2020-2021/second_electric sem_2/micro/MICRO_Final/Micro/Micro.xpr}
update_compile_order -fileset sources_1
launch_simulation
# Disabling source management mode.  This is to allow the top design properties to be set without GUI intervention.
set_property source_mgmt_mode None [current_project]
set_property top common_bus_control_tb [get_filesets sim_1]
set_property top_lib xil_defaultlib [get_filesets sim_1]
# Re-enabling previously disabled source management mode.
set_property source_mgmt_mode All [current_project]
update_compile_order -fileset sim_1
launch_simulation
source common_bus_control_tb.tcl
# Disabling source management mode.  This is to allow the top design properties to be set without GUI intervention.
set_property source_mgmt_mode None [current_project]
set_property top common_bus_selection_tb [get_filesets sim_1]
set_property top_lib xil_defaultlib [get_filesets sim_1]
# Re-enabling previously disabled source management mode.
set_property source_mgmt_mode All [current_project]
update_compile_order -fileset sim_1
launch_simulation
source common_bus_selection_tb.tcl
# Disabling source management mode.  This is to allow the top design properties to be set without GUI intervention.
set_property source_mgmt_mode None [current_project]
set_property top Main_Design_tb [get_filesets sim_1]
set_property top_lib xil_defaultlib [get_filesets sim_1]
# Re-enabling previously disabled source management mode.
set_property source_mgmt_mode All [current_project]
update_compile_order -fileset sim_1
update_compile_order -fileset sources_1
launch_simulation
launch_simulation
launch_simulation
close_sim
close_sim
